// Vitest Snapshot v1, https://vitest.dev/guide/snapshot.html

exports[`navigationListItem > should be rendered correctly 1`] = `
<div>
  <a
    class="MuiButtonBase-root MuiListItemButton-root MuiListItemButton-gutters MuiListItemButton-root MuiListItemButton-gutters css-u3m3ul-MuiButtonBase-root-MuiListItemButton-root"
    href="/events"
    tabindex="0"
  >
    <div
      class="MuiListItemIcon-root css-cveggr-MuiListItemIcon-root"
    >
      <div
        class="MuiButtonBase-root MuiListItemButton-root MuiListItemButton-gutters MuiListItemButton-root MuiListItemButton-gutters css-16ac5r2-MuiButtonBase-root-MuiListItemButton-root"
        role="button"
        tabindex="0"
      >
        <span
          class="MuiTouchRipple-root css-8je8zh-MuiTouchRipple-root"
        />
      </div>
    </div>
    <div
      class="MuiListItemText-root css-tlelie-MuiListItemText-root"
    >
      <span
        class="MuiTypography-root MuiTypography-body1 MuiListItemText-primary css-10hburv-MuiTypography-root"
      >
        Concerts List
      </span>
    </div>
    <span
      class="MuiTouchRipple-root css-8je8zh-MuiTouchRipple-root"
    />
  </a>
</div>
`;
